// Jest Snapshot v1, https://goo.gl/fbAQLP

exports[`Regions click test Checks region change 1`] = `"toupdate"`;
