// Jest Snapshot v1, https://goo.gl/fbAQLP

exports[`Displays the regions 1`] = `"toupdate"`;
