exports[`test Prints a list of houses 1`] = `
<div
  className="houseList">
  <div
    className="house"
    onClick={[Function]}>
    <div
      className="houseName">
      House Stark of Winterfell
    </div>
  </div>
</div>
`;
