// Jest Snapshot v1, https://goo.gl/fbAQLP

exports[`Prints a list o<f houses 1`] = `
<div>
  <input
    class="search"
    placeholder="Search house"
  />
</div>
`;
